Étendue du site : ~364 m de diagonale -> échelle rayon x1.0
Adresse résolue : 1 Rue des Carrières, Québec, QC G1R 5J5, Canada
Story-board continu : video_promo\storyboard.json — 20 image(s) de référence (3 Street View, 17 satellite/générative), durée totale estimée 30s
  bâti mesuré : 84.1 m de haut -> traversée à 46.2 m, entrée à 252 m

Vol continu avec traversée (cap 90°) — vitesse 25 m/s : 1498 m puis 325 m, soit 73 s de vol
  rendu via ANGLE (Intel, Intel(R) UHD Graphics 620 (0x00003EA0) Direct3D11 vs_5_0
  sol mesuré à -0.3 m (quantile 20% de 33 points)
  10/1438 images
  20/1438 images
  30/1438 images
  40/1438 images
  50/1438 images
  60/1438 images
  70/1438 images
  80/1438 images
  90/1438 images
  100/1438 images
  110/1438 images
  120/1438 images
  130/1438 images
  140/1438 images
  150/1438 images
  160/1438 images
  170/1438 images
  180/1438 images
  190/1438 images
  200/1438 images
  210/1438 images
  220/1438 images
  230/1438 images
  240/1438 images
  250/1438 images
  260/1438 images
  270/1438 images
  280/1438 images
  290/1438 images
  300/1438 images
  310/1438 images
  320/1438 images
  330/1438 images
  340/1438 images
  350/1438 images
  360/1438 images
  370/1438 images
  380/1438 images
  390/1438 images
  400/1438 images
  410/1438 images
  420/1438 images
  430/1438 images
  440/1438 images
  450/1438 images
  460/1438 images
  470/1438 images
  480/1438 images
  490/1438 images
  500/1438 images
  510/1438 images
  520/1438 images
  530/1438 images
  540/1438 images
  550/1438 images
  560/1438 images
  570/1438 images
  580/1438 images
  590/1438 images
  600/1438 images
  610/1438 images
  620/1438 images
  630/1438 images
  640/1438 images
  650/1438 images
  660/1438 images
  670/1438 images
  680/1438 images
  690/1438 images
  700/1438 images
  710/1438 images
  720/1438 images
  730/1438 images
  740/1438 images
  750/1438 images
  760/1438 images
  770/1438 images
  780/1438 images
  790/1438 images
  800/1438 images
  810/1438 images
  820/1438 images
  830/1438 images
  840/1438 images
  850/1438 images
  860/1438 images
  870/1438 images
  880/1438 images
  890/1438 images
  900/1438 images
  910/1438 images
  920/1438 images
  930/1438 images
  940/1438 images
  950/1438 images
  960/1438 images
  970/1438 images
  980/1438 images
  990/1438 images
  1000/1438 images
  1010/1438 images
  1020/1438 images
  1030/1438 images
  1040/1438 images
  1050/1438 images
  1060/1438 images
  1070/1438 images
  1080/1438 images
  1090/1438 images
  1100/1438 images
  1110/1438 images
  1120/1438 images
  1130/1438 images
  1140/1438 images
  1150/1438 images
  1160/1438 images
  1170/1438 images
  1180/1438 images
  1190/1438 images
  1200/1438 images
  1210/1438 images
  1220/1438 images
  1230/1438 images
  1240/1438 images
  1250/1438 images
  1260/1438 images
  1270/1438 images
  1280/1438 images
  1290/1438 images
  1300/1438 images
  1310/1438 images
  1320/1438 images
  1330/1438 images
  1340/1438 images
  1350/1438 images
  1360/1438 images
  1370/1438 images
  1380/1438 images
  1390/1438 images
  1400/1438 images
  1410/1438 images
  1420/1438 images
  1430/1438 images
  1438/1438 images
  rendu via ANGLE (Intel, Intel(R) UHD Graphics 620 (0x00003EA0) Direct3D11 vs_5_0
  sol mesuré à -0.3 m (quantile 20% de 33 points)
  10/312 images
  20/312 images
  30/312 images
  40/312 images
  50/312 images
  60/312 images
  70/312 images
  80/312 images
  90/312 images
  100/312 images
  110/312 images
  120/312 images
  130/312 images
  140/312 images
  150/312 images
  160/312 images
  170/312 images
  180/312 images
  190/312 images
  200/312 images
  210/312 images
  220/312 images
  230/312 images
  240/312 images
  250/312 images
  260/312 images
  270/312 images
  280/312 images
  290/312 images
  300/312 images
  310/312 images
  312/312 images
Passage intérieur : 4 espace(s) réel(s) en références libres (Bar / salon -> Chambre -> Salle de bain -> Piscine) — facturé…
  (aucune photo de façade exploitable comme référence : description seule, sans image)
  avant : 4 tronçon(s) retexturés (canny, force 0.95) — facturé…
    structure : vol_avant_000.mp4 | 2 référence(s) non montée(s) : streetview_CAoSF0NJSE0wb2dLRUlDQWdJQ0V4N19tdndF.jpg, streetview_CAoSFkNJSE0wb2dLRUlDQWdJREVsN25rRnc..jpg
    tronçon 1/4
    tronçon 2/4
    tronçon 3/4
    tronçon 4/4
  (aucune photo de façade exploitable comme référence : description seule, sans image)
  apres : 1 tronçon(s) retexturés (canny, force 0.95) — facturé…
    structure : vol_apres_000.mp4 | 2 référence(s) non montée(s) : streetview_CAoSF0NJSE0wb2dLRUlDQWdJQ0V4N19tdndF.jpg, streetview_CAoSFkNJSE0wb2dLRUlDQWdJREVsN25rRnc..jpg
    tronçon 1/1
Vol complet (une seule séquence continue) : video_promo\vol_complet.mp4
